<?xml version="1.0" ?>
<testsuites failures="0" name="TestXML" tests="1" time="0.012">
	<testsuite name="My Example Test" failures="0"  tests="2" time="0">
		<testcase name="My Example Test Method" time="0"></testcase>
		<testcase name=" parameterized example" time="0"></testcase>
	</testsuite>

</testsuites>